
> nextn@0.1.0 build
> NODE_ENV=production next build

   ▲ Next.js 15.5.9
   - Environments: .env

   Creating an optimized production build ...
> [PWA] Compile server
> [PWA] Compile server
> [PWA] Compile client (static)
> [PWA] Auto register service worker with: /home/user/studio/node_modules/next-pwa/register.js
> [PWA] Service worker: /home/user/studio/public/sw.js
> [PWA]   url: /sw.js
> [PWA]   scope: /
 ✓ Compiled successfully in 39.1s
   Linting and checking validity of types ...
Failed to compile.

./src/app/search/page.tsx:155:20
Type error: 'React' refers to a UMD global, but the current file is a module. Consider adding an import instead.

[0m [90m 153 |[39m             [33m<[39m[33mdiv[39m className[33m=[39m[32m"flex items-center gap-4 min-w-0 flex-1"[39m[33m>[39m
 [90m 154 |[39m                [33m<[39m[33mdiv[39m className[33m=[39m[32m"h-10 w-10 md:h-12 md:w-12 rounded-xl bg-slate-50 flex items-center justify-center group-hover:bg-primary/5 transition-all shrink-0 shadow-inner"[39m[33m>[39m
[31m[1m>[22m[39m[90m 155 |[39m                   {[33mReact[39m[33m.[39mcloneElement(icon[33m,[39m { className[33m:[39m [32m"h-5 w-5"[39m })}
 [90m     |[39m                    [31m[1m^[22m[39m
 [90m 156 |[39m                [33m<[39m[33m/[39m[33mdiv[39m[33m>[39m
 [90m 157 |[39m                [33m<[39m[33mdiv[39m className[33m=[39m[32m"text-left min-w-0 flex-1 space-y-1"[39m[33m>[39m
 [90m 158 |[39m                   [33m<[39m[33mp[39m className[33m=[39m[32m"font-black text-[#0F172A] group-hover:text-primary transition-colors text-sm md:text-xl uppercase leading-tight line-clamp-1 truncate"[39m[33m>[39m{title}[33m<[39m[33m/[39m[33mp[39m[33m>[39m[0m
Next.js build worker exited with code: 1 and signal: null
